
> shristi-seo@0.1.0 build
> next build

Γû▓ Next.js 16.1.1 (Turbopack)

  Creating an optimized production build ...
Γ£ô Compiled successfully in 4.6s
  Running TypeScript ...
node.exe : Failed to compile.
At C:\Program 
Files\nodejs\npm.ps1:29 char:3
+   & $NODE_EXE $NPM_CLI_JS $args
+   ~~~~~~~~~~~~~~~~~~~~~~~~~~~~~
    + CategoryInfo          : NotSp 
   ecified: (Failed to compile.:St  
  ring) [], RemoteException
    + FullyQualifiedErrorId : Nativ 
   eCommandError
 

.next/types/validator.ts:174:39
Type error: File 'C:/Users/Asus/Desk
top/shristi-seo/app/share/layout.tsx
' is not a module.

[0m [90m 172 |[39m {
 [90m 173 |[39m   type __IsExpecte
d[33m<[39m[33mSpecific[39m 
[36mextends[39m [33mLayoutConfig
[39m[33m<[39m[32m"/share"[39m[3
3m>>[39m [33m=[39m 
[33mSpecific[39m
[31m[1m>[22m[39m[90m 174 
|[39m   [36mconst[39m handler 
[33m=[39m {} [36mas[39m 
[36mtypeof[39m [36mimport[39m([
32m"../../app/share/layout.js"[39m)
 [90m     |[39m                   
                    
[31m[1m^[22m[39m
 [90m 175 |[39m   type __Check 
[33m=[39m __IsExpected[33m<[39m
[36mtypeof[39m handler[33m>[39m
 [90m 176 |[39m   [90m// 
@ts-ignore[39m
 [90m 177 |[39m   type __Unused 
[33m=[39m __Check[0m
Next.js build worker exited with 
code: 1 and signal: null
